2022-06-26 17:12:37,683:DEBUG:Database Loaded
2022-06-26 17:14:14,496:DEBUG:Database Loaded
2022-06-26 17:14:14,711:DEBUG:Database Pre-Processing id Done 
2022-06-26 17:14:14,852:DEBUG:Execution of Model.py is finished 
2022-06-26 17:14:57,318:DEBUG: Database Loaded 
2022-06-26 17:14:57,537:DEBUG: Database Pre-Processing Done 
2022-06-26 17:14:57,667:DEBUG: Execution of Model.py is finished 
2022-06-26 17:19:32,829:DEBUG: Model.py File execution started 
2022-06-26 17:19:32,877:DEBUG: Database Loaded 
2022-06-26 17:19:33,103:DEBUG: Database Pre-Processing Done 
2022-06-26 17:19:33,244:DEBUG: Execution of Model.py is finished 
2022-06-27 07:27:02,168:DEBUG: Model.py File execution started 
2022-06-27 07:27:02,218:DEBUG: Database Loaded 
2022-06-27 07:27:02,438:DEBUG: Database Pre-Processing Done 
2022-06-27 07:27:02,589:DEBUG: Execution of Model.py is finished 
2022-06-27 07:28:54,833:DEBUG: Model.py File execution started 
2022-06-27 07:28:54,911:DEBUG: Database Loaded 
2022-06-27 07:28:55,131:DEBUG: Database Pre-Processing Done 
2022-06-27 07:28:55,273:DEBUG: Execution of Model.py is finished 
2022-06-27 07:31:13,887:DEBUG: Model.py File execution started 
2022-06-27 07:31:13,935:DEBUG: Database Loaded 
2022-06-27 07:31:14,171:DEBUG: Database Pre-Processing Done 
2022-06-27 07:31:14,281:DEBUG: Execution of Model.py is finished 
2022-06-27 07:32:38,787:DEBUG: Model.py File execution started 
2022-06-27 07:32:38,834:DEBUG: Database Loaded 
2022-06-27 07:32:39,058:DEBUG: Database Pre-Processing Done 
2022-06-27 07:32:39,215:DEBUG: Execution of Model.py is finished 
2022-06-27 11:09:13,044:DEBUG: Model.py File execution started 
2022-06-27 11:09:13,090:DEBUG: Database Loaded 
2022-06-27 11:09:13,262:DEBUG: Database Pre-Processing Done 
2022-06-27 11:09:13,372:DEBUG: Execution of Model.py is finished 
2022-06-27 11:18:52,219:DEBUG: Model.py File execution started 
2022-06-27 11:18:52,295:DEBUG: Database Loaded 
2022-06-27 11:18:52,482:DEBUG: Database Pre-Processing Done 
2022-06-27 11:18:52,607:DEBUG: Execution of Model.py is finished 

